
=== Rendering tier: basic ===
  [console:error] Failed to load resource: the server responded with a status of 404 ()
  [pageerror] state is not defined
  ✓ App loaded
  ✓ Wizard opened
  ✓ Wizard applied (waiting for reload)
  [console:log] [QuoteStorage] sync on boot: [object Object]
  [pageerror] state is not defined
  ✓ Page reloaded with quote
  ✓ Wrote /opt/openclaw/workspace/zuildup/quotation-builder/qc-2026-05-21/live_basic.pdf (1017837 bytes, status 200)

=== Rendering tier: mid_luxury ===
  [console:log] [QuoteStorage] sync on boot: [object Object]
  [pageerror] state is not defined
  [console:log] [QuoteStorage] sync on boot: [object Object]
  [pageerror] state is not defined
  ✓ App loaded
  ✓ Wizard opened
  ✓ Wizard applied (waiting for reload)
  [console:log] [QuoteStorage] sync on boot: [object Object]
  [pageerror] state is not defined
  ✓ Page reloaded with quote
  ✓ Wrote /opt/openclaw/workspace/zuildup/quotation-builder/qc-2026-05-21/live_mid_luxury.pdf (1028391 bytes, status 200)

=== Rendering tier: luxury ===
  [console:log] [QuoteStorage] sync on boot: [object Object]
  [pageerror] state is not defined
  [console:log] [QuoteStorage] sync on boot: [object Object]
  [pageerror] state is not defined
  ✓ App loaded
  ✓ Wizard opened
  ✓ Wizard applied (waiting for reload)
  [console:log] [QuoteStorage] sync on boot: [object Object]
  [pageerror] state is not defined
  ✓ Page reloaded with quote
  ✓ Wrote /opt/openclaw/workspace/zuildup/quotation-builder/qc-2026-05-21/live_luxury.pdf (1025987 bytes, status 200)
